// Jest Snapshot v1, https://goo.gl/fbAQLP

exports[`MovieCard renders correctly 1`] = `
<article
  className="small-movie-card catalog__movies-card"
  onMouseOver={[Function]}
>
  <div
    className="small-movie-card__image"
  >
    <img
      alt="test"
      height="175"
      src="img/test.jsp"
      width="280"
    />
  </div>
  <h3
    className="small-movie-card__title"
  >
    <a
      className="small-movie-card__link"
      href="movie-page.html"
    >
      test
    </a>
  </h3>
</article>
`;
