// Jest Snapshot v1, https://goo.gl/fbAQLP

exports[`withControls renders correctly 1`] = `<video />`;
